
The default interactive shell is now zsh.
To update your account to use zsh, please run `chsh -s /bin/zsh`.
For more details, please visit https://support.apple.com/kb/HT208050.
]0;~/Desktop/Kaggle/KaggleBikeShare[?1034h[36memmanuel[m@[32mEmmanuels-MBP:[33;1m~/Desktop/Kaggle/KaggleBikeShare[m$ git status
On branch master

No commits yet

Untracked files:
  (use "git add <file>..." to include in what will be committed)
	[31m.gitignore[m
	[31mBikeSharingRCode.R[m
	[31mKaggleBikeShare.Rproj[m
	[31mbike-sharing-demand/[m
	[31mgbm_h2oSubmit[m
	[31mxbgTreeSubmit[m
	[31mxgbLinearSubmit[m

nothing added to commit but untracked files present (use "git add" to track)
]0;~/Desktop/Kaggle/KaggleBikeShare[36memmanuel[m@[32mEmmanuels-MBP:[33;1m~/Desktop/Kaggle/KaggleBikeShare[m$ git add .
]0;~/Desktop/Kaggle/KaggleBikeShare[36memmanuel[m@[32mEmmanuels-MBP:[33;1m~/Desktop/Kaggle/KaggleBikeShare[m$ git [K[K[K[Kgit c[K[K status
On branch master
Your branch is based on 'origin/master', but the upstream is gone.
  (use "git branch --unset-upstream" to fixup)

nothing to commit, working tree clean
]0;~/Desktop/Kaggle/KaggleBikeShare[36memmanuel[m@[32mEmmanuels-MBP:[33;1m~/Desktop/Kaggle/KaggleBikeShare[m$ git status
fatal: not a git repository (or any of the parent directories): .git
]0;~/Desktop/Kaggle/KaggleBikeShare[36memmanuel[m@[32mEmmanuels-MBP:[33;1m~/Desktop/Kaggle/KaggleBikeShare[m$ 